
sw-iou#
sw-iou#terminal width 511
sw-iou#terminal length 0
sw-iou#
sw-iou#
sw-iou#
sw-iou#configure terminal
Enter configuration commands, one per line.  End with CNTL/Z.
sw-iou(config)#
sw-iou(config)#interface ethernet 0/3
sw-iou(config-if)#shutdown
sw-iou(config-if)#description *** BLOQUEADO-SOAR 2026-05-24T18:12:56 ***
sw-iou(config-if)#exit
sw-iou(config)#
sw-iou(config)#end
sw-iou#
sw-iou#
sw-iou#show interfaces ethernet 0/3 | include oper
sw-iou#
sw-iou#configure terminal
Enter configuration commands, one per line.  End with CNTL/Z.
sw-iou(config)#
sw-iou(config)#ip access-list extended SOAR-BLOCK-PORT4
sw-iou(config-ext-nacl)# remark SOAR auto-generated 2026-05-24T18:12:57
sw-iou(config-ext-nacl)# deny   ip any any log
sw-iou(config-ext-nacl)# permit ip any any
sw-iou(config-ext-nacl)#exit
sw-iou(config)#
sw-iou(config)#end
sw-iou#
sw-iou#
sw-iou#configure terminal
Enter configuration commands, one per line.  End with CNTL/Z.
sw-iou(config)#
sw-iou(config)#interface ethernet 0/3
sw-iou(config-if)# ip access-group SOAR-BLOCK-PORT4 in
sw-iou(config-if)#exit
sw-iou(config)#
sw-iou(config)#end
sw-iou#
sw-iou#
sw-iou#show ip access-lists SOAR-BLOCK-PORT4
Extended IP access list SOAR-BLOCK-PORT4
    10 deny ip any any log
    20 permit ip any any
sw-iou#
sw-iou#write memory
Building configuration...
Compressed configuration from 2364 bytes to 1431 bytes[OK]
sw-iou#
sw-iou#show interfaces ethernet 0/3 status

Port      Name               Status       Vlan       Duplex  Speed Type
Et0/3     *** BLOQUEADO-SOAR disabled     1            auto   auto unknown
sw-iou#
sw-iou#exit
